45
24
8
34
18
30
19
16
12
22
44
15
43
37
7
25
6
14
49
47
21
13
9
17
23
31
20
5
33
2
11
36
26
35
40
3
39
38
27
29
48
1
42
4
46
32
50
28
41
10
