14
21
18
7
50
29
33
11
38
10
28
4
46
45
30
16
2
17
19
23
8
9
32
1
34
43
31
37
26
20
3
6
12
48
47
35
22
27
40
5
49
41
15
25
42
13
44
24
36
39
