2
15
10
19
1
3
8
16
11
14
5
18
6
7
20
4
13
17
12
9
