33
30
2
17
47
8
21
13
50
37
35
27
28
11
3
36
26
25
38
31
20
4
6
48
23
42
29
41
45
32
9
22
40
1
16
34
19
49
39
43
44
15
18
5
7
10
12
14
24
46
